##########################################
# (1) LINK INFORMATION                   #
##########################################
c:\program files (x86)\renesas\hew\tools\renesas\nc30wa\v544r00\bin\ln30.exe @C:\cygwin\home\root\git\hew\main\Debug\main.m16cl

# ID CODE DATA
.ID  "#FFFFFFFFFFFFFF"

# ROM CODE PROTECT DATA
.PROTECT  FFH

# LINK FILE INFORMATION
ncrt0 (C:\cygwin\home\root\git\hew\main\Debug\ncrt0.r30)
	Apr 20 07:35:41 2012

analog (C:\cygwin\home\root\git\hew\main\Debug\analog.r30)
	Apr 20 07:35:40 2012

i2c (C:\cygwin\home\root\git\hew\main\Debug\i2c.r30)
	Apr 20 07:35:40 2012

init (C:\cygwin\home\root\git\hew\main\Debug\init.r30)
	Apr 20 07:35:40 2012

Interrupts (C:\cygwin\home\root\git\hew\main\Debug\Interrupts.r30)
	Apr 20 07:35:39 2012

LCD (C:\cygwin\home\root\git\hew\main\Debug\LCD.r30)
	Apr 20 07:35:40 2012

main (C:\cygwin\home\root\git\hew\main\Debug\main.r30)
	Apr 20 07:35:40 2012

menus (C:\cygwin\home\root\git\hew\main\Debug\menus.r30)
	Apr 20 07:35:41 2012

motion (C:\cygwin\home\root\git\hew\main\Debug\motion.r30)
	Apr 20 07:35:40 2012

pwm (C:\cygwin\home\root\git\hew\main\Debug\pwm.r30)
	Apr 20 07:35:40 2012

shapes (C:\cygwin\home\root\git\hew\main\Debug\shapes.r30)
	Apr 20 07:35:41 2012

timer (C:\cygwin\home\root\git\hew\main\Debug\timer.r30)
	Apr 20 07:35:41 2012

uart (C:\cygwin\home\root\git\hew\main\Debug\uart.r30)
	Apr 20 07:35:41 2012

_f4toi4u (c:\program files (x86)\renesas\hew\tools\renesas\nc30wa\v544r00\lib30\nc30lib.lib)
	Nov  8 18:36:39 2007

_ftol (c:\program files (x86)\renesas\hew\tools\renesas\nc30wa\v544r00\lib30\nc30lib.lib)
	Nov  8 18:36:42 2007

mdata (c:\program files (x86)\renesas\hew\tools\renesas\nc30wa\v544r00\lib30\nc30lib.lib)
	Nov  8 18:36:57 2007

_f4muls (c:\program files (x86)\renesas\hew\tools\renesas\nc30wa\v544r00\lib30\nc30lib.lib)
	Feb 15 20:18:05 2007

_f4rets (c:\program files (x86)\renesas\hew\tools\renesas\nc30wa\v544r00\lib30\nc30lib.lib)
	Feb 15 20:18:05 2007

_f4rtol (c:\program files (x86)\renesas\hew\tools\renesas\nc30wa\v544r00\lib30\nc30lib.lib)
	Nov  8 18:36:39 2007


##########################################
# (2) SECTION INFORMATION                #
##########################################
# SECTION                        ATR TYPE    START  LENGTH ALIGN MODULENAME
data_SE                          ABS DATA    000480 000000       ncrt0
bss_SE                           REL DATA    000480 000000 2     ncrt0
data_SO                          REL DATA    000480 000000       ncrt0
bss_SO                           REL DATA    000480 000000       ncrt0
data_NE                          REL DATA    000480 000000 2     ncrt0
                                 REL DATA    000480 000130 2     menus
                                 REL DATA    0005B0 000010 2     mdata
bss_NE                           REL DATA    0005C0 000000 2     ncrt0
                                 REL DATA    0005C0 0000A4 2     main
                                 REL DATA    000664 000002 2     menus
                                 REL DATA    000666 000008 2     mdata
data_NO                          REL DATA    00066E 000000       ncrt0
                                 REL DATA    00066E 000001       LCD
bss_NO                           REL DATA    00066F 000000       ncrt0
                                 REL DATA    00066F 000024       main
stack                            REL DATA    000694 000600 2     ncrt0
heap                             REL DATA    000C94 000300       ncrt0
rom_NE                           ABS ROMDATA 00F000 000000       ncrt0
rom_NO                           REL ROMDATA 00F000 000000       ncrt0
rom_FE                           ABS ROMDATA 0F4000 000000       ncrt0
rom_FO                           REL ROMDATA 0F4000 000000       ncrt0
                                 REL ROMDATA 0F4000 000012       LCD
                                 REL ROMDATA 0F4012 000276       menus
data_SEI                         REL ROMDATA 0F4288 000000 2     ncrt0
data_SOI                         REL ROMDATA 0F4288 000000       ncrt0
data_NEI                         REL ROMDATA 0F4288 000000 2     ncrt0
                                 REL ROMDATA 0F4288 000130       menus
                                 REL ROMDATA 0F43B8 000010       mdata
data_NOI                         REL ROMDATA 0F43C8 000000       ncrt0
                                 REL ROMDATA 0F43C8 000001       LCD
program                          REL CODE    0F43CA 000000 2     ncrt0
                                 REL CODE    0F43CA 0001D1 2     analog
                                 REL CODE    0F459C 000042 2     init
                                 REL CODE    0F45DE 000111 2     Interrupts
                                 REL CODE    0F46F0 000322 2     LCD
                                 REL CODE    0F4A12 0000A2 2     main
                                 REL CODE    0F4AB4 00012D 2     menus
                                 REL CODE    0F4BE2 00007C 2     motion
                                 REL CODE    0F4C5E 00003D 2     pwm
                                 REL CODE    0F4C9C 0000A1 2     shapes
                                 REL CODE    0F4D3E 000037 2     timer
                                 REL CODE    0F4D76 0000D9 2     uart
                                 REL CODE    0F4E50 000025 2     _f4toi4u
                                 REL CODE    0F4E76 000111 2     _ftol
                                 REL CODE    0F4F88 0000B0 2     _f4muls
                                 REL CODE    0F5038 000032 2     _f4rets
                                 REL CODE    0F506A 00003E 2     _f4rtol
interrupt                        REL CODE    0F50A8 000000 2     ncrt0
                                 REL CODE    0F50A8 0000A7       ncrt0
program_S                        REL CODE    0F5150 000000 2     ncrt0
vector                           ABS ROMDATA 0FFD00 000100       ncrt0
fvector                          ABS ROMDATA 0FFFDC 000024       ncrt0
# Total -------------------------------------------------------------------
                                     DATA           000B13(0002835) Byte(s)
                                     ROMDATA        0004ED(0001261) Byte(s)
                                     CODE           000D85(0003461) Byte(s)

##########################################
# (3) GLOBAL LABEL INFORMATION           #
##########################################
$LCD_write         0f47ea  $_f4rtol           0f506a  $_ftol             0f4e76
$dbg_putc_direct   0f4dc0  $exit              0f514c  $itoa              0f48c6
$lcd_puts          0f478c  $read_from_rx_bu   0f4d76  $sput_i            0f4900
$sput_ip1          0f498c  $uart_putc_direc   0f4daa  $uart_putsn        0f4e24
_A2DInterrupt      0f4666  _DMA0Interrupt     0f4672  _DisplayDelay      0f4898
_KeyBoardInterru   0f46de  _TimerA1Interrup   0f4686  _TimerA2Interrup   0f4688
_TimerB0Interrup   0f468e  _UART0ReceiveInt   0f4678  _UART0TransmitIn   0f466c
_WakeUpInterrupt   0f46e4  _WatchDogInterru   0f46ea  __f4mul            0f4fac
__f4retInf         0f5042  __f4retNaN         0f5038  __f4retNum         0f5052
__f4retZero        0f503e  __f4toi4U          0f4e50  __memt             0005b8
__mnext            000666  __msize            00066a  __pool             0005b0
_adc_init          0f43ca  _adc_reg           0005c8  _adc_s             000672
_an_max_off        0005d0  _an_max_on         0005cc  _an_min_off        0005ce
_an_min_on         0005ca  _an_noise          0005d2  _both_throttle     0f4c6c
_calibrate_off     0f44ba  _calibrate_on      0f43e2  _check_buttons     0f4a8c
_cpu_init          0f4948  _dbg_puts          0f4dfa  _exit              0f514c
_find_lines        0f4c9c  _forward_left      0f4be2  _forward_right     0f4c24
_gpio_init         0f459c  _lcd_init          0f46f0  _left_pwm_high     0005c2
_left_pwm_state    000670  _main              0f4a12  _min_throttle      0f4c5e
_off_all           0f4c52  _off_left          0f4c46  _off_right         0f4c3a
_readbuf           00065a  _res_menu          000480  _res_menu_f        0f4ab4
_reverse_left      0f4bf8  _reverse_right     0f4c0e  _right_pwm_high    0005c0
_right_pwm_state   00066f  _rx_buf_s          0005d6  _shape_menu        0004d0
_shape_menu_f      0f4af2  _song              0004f8  _song_menu_f       0f4b4c
_state             000662  _ta0_int           0f460c  _ta1_int           0f4616
_tb1_int           0f4620  _thresh            0005d4  _ticks             0005c4
_timer_init        0f4d3e  _tx_buf_s          000618  _uart2_rx_int      0f45de
_uart_puts         0f4dd8  _uart_rec          000671  dummy_int          0f514e
start              0f50a8  

##########################################
# (4) GLOBAL EQU SYMBOL INFORMATION      #
##########################################
__SB__           00000480  

##########################################
# (5) GLOBAL EQU BIT-SYMBOL INFORMATION  #
##########################################

##########################################
# (6) LOCAL LABEL INFORMATION            #
##########################################
@ ncrt0 ( C:\cygwin\home\root\git\hew\main\Debug\ncrt0.r30 )
@ analog ( C:\cygwin\home\root\git\hew\main\Debug\analog.r30 )
@ i2c ( C:\cygwin\home\root\git\hew\main\Debug\i2c.r30 )
@ init ( C:\cygwin\home\root\git\hew\main\Debug\init.r30 )
@ Interrupts ( C:\cygwin\home\root\git\hew\main\Debug\Interrupts.r30 )
@ LCD ( C:\cygwin\home\root\git\hew\main\Debug\LCD.r30 )
@ main ( C:\cygwin\home\root\git\hew\main\Debug\main.r30 )
@ menus ( C:\cygwin\home\root\git\hew\main\Debug\menus.r30 )
@ motion ( C:\cygwin\home\root\git\hew\main\Debug\motion.r30 )
@ pwm ( C:\cygwin\home\root\git\hew\main\Debug\pwm.r30 )
@ shapes ( C:\cygwin\home\root\git\hew\main\Debug\shapes.r30 )
@ timer ( C:\cygwin\home\root\git\hew\main\Debug\timer.r30 )
@ uart ( C:\cygwin\home\root\git\hew\main\Debug\uart.r30 )
@ _f4toi4u ( c:\program files (x86)\renesas\hew\tools\renesas\nc30wa\v544r00\lib30\nc30lib.lib )
@ _ftol ( c:\program files (x86)\renesas\hew\tools\renesas\nc30wa\v544r00\lib30\nc30lib.lib )
@ mdata ( c:\program files (x86)\renesas\hew\tools\renesas\nc30wa\v544r00\lib30\nc30lib.lib )
@ _f4muls ( c:\program files (x86)\renesas\hew\tools\renesas\nc30wa\v544r00\lib30\nc30lib.lib )
@ _f4rets ( c:\program files (x86)\renesas\hew\tools\renesas\nc30wa\v544r00\lib30\nc30lib.lib )
@ _f4rtol ( c:\program files (x86)\renesas\hew\tools\renesas\nc30wa\v544r00\lib30\nc30lib.lib )

##########################################
# (7) LOCAL EQU SYMBOL INFORMATION       #
##########################################
@ ncrt0 ( C:\cygwin\home\root\git\hew\main\Debug\ncrt0.r30 )
@ analog ( C:\cygwin\home\root\git\hew\main\Debug\analog.r30 )
@ i2c ( C:\cygwin\home\root\git\hew\main\Debug\i2c.r30 )
@ init ( C:\cygwin\home\root\git\hew\main\Debug\init.r30 )
@ Interrupts ( C:\cygwin\home\root\git\hew\main\Debug\Interrupts.r30 )
@ LCD ( C:\cygwin\home\root\git\hew\main\Debug\LCD.r30 )
@ main ( C:\cygwin\home\root\git\hew\main\Debug\main.r30 )
@ menus ( C:\cygwin\home\root\git\hew\main\Debug\menus.r30 )
@ motion ( C:\cygwin\home\root\git\hew\main\Debug\motion.r30 )
@ pwm ( C:\cygwin\home\root\git\hew\main\Debug\pwm.r30 )
@ shapes ( C:\cygwin\home\root\git\hew\main\Debug\shapes.r30 )
@ timer ( C:\cygwin\home\root\git\hew\main\Debug\timer.r30 )
@ uart ( C:\cygwin\home\root\git\hew\main\Debug\uart.r30 )
@ _f4toi4u ( c:\program files (x86)\renesas\hew\tools\renesas\nc30wa\v544r00\lib30\nc30lib.lib )
@ _ftol ( c:\program files (x86)\renesas\hew\tools\renesas\nc30wa\v544r00\lib30\nc30lib.lib )
@ mdata ( c:\program files (x86)\renesas\hew\tools\renesas\nc30wa\v544r00\lib30\nc30lib.lib )
@ _f4muls ( c:\program files (x86)\renesas\hew\tools\renesas\nc30wa\v544r00\lib30\nc30lib.lib )
@ _f4rets ( c:\program files (x86)\renesas\hew\tools\renesas\nc30wa\v544r00\lib30\nc30lib.lib )
@ _f4rtol ( c:\program files (x86)\renesas\hew\tools\renesas\nc30wa\v544r00\lib30\nc30lib.lib )

##########################################
# (8) LOCAL EQU BIT-SYMBOL INFORMATION   #
##########################################
@ ncrt0 ( C:\cygwin\home\root\git\hew\main\Debug\ncrt0.r30 )
@ analog ( C:\cygwin\home\root\git\hew\main\Debug\analog.r30 )
@ i2c ( C:\cygwin\home\root\git\hew\main\Debug\i2c.r30 )
@ init ( C:\cygwin\home\root\git\hew\main\Debug\init.r30 )
@ Interrupts ( C:\cygwin\home\root\git\hew\main\Debug\Interrupts.r30 )
@ LCD ( C:\cygwin\home\root\git\hew\main\Debug\LCD.r30 )
@ main ( C:\cygwin\home\root\git\hew\main\Debug\main.r30 )
@ menus ( C:\cygwin\home\root\git\hew\main\Debug\menus.r30 )
@ motion ( C:\cygwin\home\root\git\hew\main\Debug\motion.r30 )
@ pwm ( C:\cygwin\home\root\git\hew\main\Debug\pwm.r30 )
@ shapes ( C:\cygwin\home\root\git\hew\main\Debug\shapes.r30 )
@ timer ( C:\cygwin\home\root\git\hew\main\Debug\timer.r30 )
@ uart ( C:\cygwin\home\root\git\hew\main\Debug\uart.r30 )
@ _f4toi4u ( c:\program files (x86)\renesas\hew\tools\renesas\nc30wa\v544r00\lib30\nc30lib.lib )
@ _ftol ( c:\program files (x86)\renesas\hew\tools\renesas\nc30wa\v544r00\lib30\nc30lib.lib )
@ mdata ( c:\program files (x86)\renesas\hew\tools\renesas\nc30wa\v544r00\lib30\nc30lib.lib )
@ _f4muls ( c:\program files (x86)\renesas\hew\tools\renesas\nc30wa\v544r00\lib30\nc30lib.lib )
@ _f4rets ( c:\program files (x86)\renesas\hew\tools\renesas\nc30wa\v544r00\lib30\nc30lib.lib )
@ _f4rtol ( c:\program files (x86)\renesas\hew\tools\renesas\nc30wa\v544r00\lib30\nc30lib.lib )

*** Mapping List ***

SECTION                            START      END         SIZE   ALIGN

data_SE
                                  00000480  00000480         0   1
bss_SE
                                  00000480  00000480         0   2
data_SO
                                  00000480  00000480         0   1
bss_SO
                                  00000480  00000480         0   1
data_NE
                                  00000480  000005bf       140   2
bss_NE
                                  000005c0  0000066d        ae   2
data_NO
                                  0000066e  0000066e         1   1
bss_NO
                                  0000066f  00000692        24   1
stack
                                  00000694  00000c93       600   2
heap
                                  00000c94  00000f93       300   1
rom_NE
                                  0000f000  0000f000         0   1
rom_NO
                                  0000f000  0000f000         0   1
rom_FE
                                  000f4000  000f4000         0   1
rom_FO
                                  000f4000  000f4287       288   1
data_SEI
                                  000f4288  000f4288         0   2
data_SOI
                                  000f4288  000f4288         0   1
data_NEI
                                  000f4288  000f43c7       140   2
data_NOI
                                  000f43c8  000f43c8         1   1
program
                                  000f43ca  000f50a7       cde   2
interrupt
                                  000f50a8  000f514e        a7   2
program_S
                                  000f5150  000f5150         0   2
vector
                                  000ffd00  000ffdff       100   1
fvector
                                  000fffdc  000fffff        24   1

*** Symbol List ***

SECTION=
FILE=                               START        END    SIZE
  SYMBOL                            ADDR        SIZE    INFO      COUNTS  OPT

SECTION=data_SE
FILE=ncrt0
                                  00000480  00000480         0
  __SB__
                                  00000480         0   none ,g         0

SECTION=data_NE
FILE=menus
                                  00000480  000005af       130
  _res_menu
                                  00000480        50   data ,g         0
  _shape_menu
                                  000004d0        28   data ,g         0
  _song
                                  000004f8        b8   data ,g         0

FILE=mdata
                                  000005b0  000005bf        10
  __memt
                                  000005b8         0   none ,g         0
  __pool
                                  000005b0         0   none ,g         0

SECTION=bss_NE
FILE=main
                                  000005c0  00000663        a4
  _ticks
                                  000005c4         4   data ,g         0
  _adc_reg
                                  000005c8         2   data ,g         0
  _rx_buf_s
                                  000005d6        42   data ,g         0
  _tx_buf_s
                                  00000618        42   data ,g         0
  _right_pwm_high
                                  000005c0         2   data ,g         0
  _left_pwm_high
                                  000005c2         2   data ,g         0
  _an_min_on
                                  000005ca         2   data ,g         0
  _an_max_on
                                  000005cc         2   data ,g         0
  _an_min_off
                                  000005ce         2   data ,g         0
  _an_max_off
                                  000005d0         2   data ,g         0
  _an_noise
                                  000005d2         2   data ,g         0
  _thresh
                                  000005d4         2   data ,g         0
  _readbuf
                                  0000065a         8   data ,g         0
  _state
                                  00000662         2   data ,g         0

FILE=mdata
                                  00000666  0000066d         8
  __mnext
                                  00000666         0   none ,g         0
  __msize
                                  0000066a         0   none ,g         0

SECTION=bss_NO
FILE=ncrt0
                                  0000066f  0000066f         0
  _right_pwm_state
                                  0000066f         1   data ,g         0

FILE=main
                                  0000066f  00000692        24
  _adc_s
                                  00000672        21   data ,g         0
  _uart_rec
                                  00000671         1   data ,g         0
  _left_pwm_state
                                  00000670         1   data ,g         0

SECTION=program
FILE=C:/cygwin/home/root/git/hew/main/analog
                                  000f43ca  000f459a       1d1
  _adc_init
                                  000f43ca        17   func ,g         0
  _calibrate_on
                                  000f43e2        d8   func ,g         0

FILE=init
                                  000f459c  000f45dd        42
  _gpio_init
                                  000f459c        42   func ,g         0

FILE=Interrupts
                                  000f45de  000f46ee       111
  _uart2_rx_int
                                  000f45de        2e   func ,g         0
  _ta0_int
                                  000f460c         9   func ,g         0
  _ta1_int
                                  000f4616         a   func ,g         0
  _tb1_int
                                  000f4620        46   func ,g         0
  _A2DInterrupt
                                  000f4666         6   func ,g         0
  _UART0TransmitInterrupt
                                  000f466c         6   func ,g         0
  _DMA0Interrupt
                                  000f4672         6   func ,g         0
  _UART0ReceiveInterrupt
                                  000f4678         e   func ,g         0
  _TimerA1Interrupt
                                  000f4686         2   func ,g         0
  _TimerA2Interrupt
                                  000f4688         6   func ,g         0
  _TimerB0Interrupt
                                  000f468e        50   func ,g         0
  _KeyBoardInterrupt
                                  000f46de         6   func ,g         0
  _WakeUpInterrupt
                                  000f46e4         6   func ,g         0

FILE=LCD
                                  000f46f0  000f4a11       322
  _lcd_init
                                  000f46f0        9c   func ,g         0
  $lcd_puts
                                  000f478c        5e   func ,g         0
  $LCD_write
                                  000f47ea        ae   func ,g         0
  _DisplayDelay
                                  000f4898        2e   func ,g         0
  $itoa
                                  000f48c6        3a   func ,g         0
  $sput_i
                                  000f4900        48   func ,g         0
  _cpu_init
                                  000f4948        44   func ,g         0
  $sput_ip1
                                  000f498c        86   func ,g         0

FILE=main
                                  000f4a12  000f4ab3        a2
  _main
                                  000f4a12        79   func ,g         0

FILE=menus
                                  000f4ab4  000f4be0       12d
  _res_menu_f
                                  000f4ab4        3d   func ,g         0
  _shape_menu_f
                                  000f4af2        5b   func ,g         0
  _song_menu_f
                                  000f4b4c        95   func ,g         0

FILE=motion
                                  000f4be2  000f4c5d        7c
  _forward_left
                                  000f4be2        16   func ,g         0
  _reverse_left
                                  000f4bf8        16   func ,g         0
  _reverse_right
                                  000f4c0e        16   func ,g         0
  _forward_right
                                  000f4c24        16   func ,g         0
  _off_right
                                  000f4c3a         c   func ,g         0
  _off_left
                                  000f4c46         c   func ,g         0
  _off_all
                                  000f4c52         c   func ,g         0

FILE=pwm
                                  000f4c5e  000f4c9a        3d
  _min_throttle
                                  000f4c5e         d   func ,g         0

FILE=shapes
                                  000f4c9c  000f4d3c        a1
  _find_lines
                                  000f4c9c        a1   func ,g         0

FILE=timer
                                  000f4d3e  000f4d74        37
  _timer_init
                                  000f4d3e        37   func ,g         0

FILE=uart
                                  000f4d76  000f4e4e        d9
  $read_from_rx_buf
                                  000f4d76        34   func ,g         0
  $uart_putc_direct
                                  000f4daa        15   func ,g         0
  $dbg_putc_direct
                                  000f4dc0        19   func ,g         0
  _uart_puts
                                  000f4dd8        22   func ,g         0
  _dbg_puts
                                  000f4dfa        2a   func ,g         0
  $uart_putsn
                                  000f4e24        2b   func ,g         0

FILE=_f4toi4u
                                  000f4e50  000f4e74        25
  __f4toi4U
                                  000f4e50        25   func ,g         0

FILE=_ftol
                                  000f4e76  000f4f86       111
  $_ftol
                                  000f4e76       111   func ,g         0

FILE=_f4muls
                                  000f4f88  000f5037        b0
  __f4mul
                                  000f4fac         0   func ,g         0

FILE=_f4rets
                                  000f5038  000f5069        32
  __f4retInf
                                  000f5042         0   none ,g         0
  __f4retNaN
                                  000f5038         0   none ,g         0
  __f4retNum
                                  000f5052         0   none ,g         0
  __f4retZero
                                  000f503e         0   none ,g         0

FILE=_f4rtol
                                  000f506a  000f50a7        3e
  $_f4rtol
                                  000f506a        3e   func ,g         0

SECTION=interrupt
FILE=ncrt0
                                  000f50a8  000f514e        a7
  $exit
                                  000f514c         0   none ,g         0
  _exit
                                  000f514c         0   none ,g         0
  dummy_int
                                  000f514e         0   none ,g         0

